// Jest Snapshot v1, https://goo.gl/fbAQLP

exports[`DefaultInputWithValidators Только инпут без маски, снапшот 1`] = `
<div>
  <label>
    <p
      class="name"
    >
      title
    </p>
    <label
      class="with-children container"
      data-testid="label"
    >
      <input
        class="with-children__input"
        data-testid="default"
        value=""
      />
      <div
        class="with-children__children"
      >
        <div />
      </div>
    </label>
    <div />
  </label>
</div>
`;
