// Jest Snapshot v1, https://goo.gl/fbAQLP

exports[`AmountChanger Снапшот 1`] = `
<div>
  <div
    class="container"
  >
    <button
      class="button"
      data-testid="plus"
    >
      +
    </button>
    <input
      class="input"
      data-testid="input"
      type="text"
      value="10"
    />
    <button
      class="button"
      data-testid="minus"
    >
      -
    </button>
  </div>
</div>
`;
